[dotenv@17.3.1] injecting env (8) from .env -- tip: ÔÜÖ´©Å  suppress all logs with { quiet: true }
Dependency ID: 7
Response: [
  {
    "id": 106,
    "code": "68.9224.2-07",
    "name": "BANCO DE INSTRUMENTOS DE EVALUACION DE ASPIRANTES A PROGRAMAS DE FORMACION",
    "folder_hierarchy": [
      {
        "id": "1",
        "type": "dep_conc",
        "label": "C├│digo Dependencia (Concatenada)"
      },
      {
        "id": "2",
        "type": "ser_conc",
        "label": "C├│digo Serie (Concatenada)"
      },
      {
        "id": "3",
        "type": "meta_4",
        "label": "Valor 4"
      },
      {
        "id": "4",
        "type": "meta_3",
        "label": "Valor 3"
      }
    ],
    "metadata_labels": null,
    "subseries": [],
    "typologies": [
      {
        "id": 5542,
        "name": "LISTA VERIFICACION PERFIL DE INGRESO"
      },
      {
        "id": 5543,
        "name": "PERFILES DE INGRESO"
      },
      {
        "id": 5544,
        "name": "EVALUACION DIAGNOSTICA DE ITEMS"
      },
      {
        "id": 5545,
        "name": "PLAN DE DISENO ITEMS"
      },
      {
        "id": 5546,
        "name": "ACUERDO CONFIDENCIALIDAD DEL DISENADOR"
      },
      {
        "id": 5547,
        "name": "LISTA DE CHEQUEO ITEMS"
      },
      {
        "id": 5548,
        "name": "SOLICITUD PRUEBAS"
      },
      {
        "id": 5549,
        "name": "REGISTRO DE RESULTADOS TALLER ACTITUDINAL"
      },
      {
        "id": 5550,
        "name": "TALLER ACTITUDINAL"
      },
      {
        "id": 5551,
        "name": "CONSOLIDADO DE RESULTADOS"
      }
    ]
  },
  {
    "id": 107,
    "code": "68.9224.2-27",
    "name": "DERECHOS DE PETICION",
    "folder_hierarchy": [
      {
        "id": "1",
        "type": "dep_conc",
        "label": "C├│digo Dependencia (Concatenada)"
      },
      {
        "id": "2",
        "type": "ser_conc",
        "label": "C├│digo Serie (Concatenada)"
      },
      {
        "id": "3",
        "type": "meta_4",
        "label": "Valor 4"
      }
    ],
    "metadata_labels": null,
    "subseries": [],
    "typologies": [
      {
        "id": 5552,
        "name": "DERECHO DE PETICION"
      },
      {
        "id": 5553,
        "name": "RESPUESTA A DERECHO DE PETICION"
      }
    ]
  },
  {
    "id": 108,
    "code": "68.9224.2-42",
    "name": "INFORMES",
    "folder_hierarchy": null,
    "metadata_labels": null,
    "subseries": [
      {
        "id": 158,
        "code": "68.9224.2-42.29",
        "name": "INFORMES DE GESTION",
        "folder_hierarchy": [
          {
            "id": "1",
            "type": "dep_conc",
            "label": "C├│digo Dependencia (Concatenada)"
          },
          {
            "id": "2",
            "type": "ser_conc",
            "label": "C├│digo Serie (Concatenada)"
          },
          {
            "id": "3",
            "type": "sub_conc",
            "label": "C├│digo Subserie (Concatenada)"
          },
          {
            "id": "4",
            "type": "meta_1",
            "label": "Valor 1"
          }
        ],
        "metadata_labels": null,
        "typologies": [
          {
            "id": 5554,
            "name": "INFORME DE GESTION"
          },
          {
            "id": 5555,
            "name": "COMUNICACION DE REMISION INFORME"
          }
        ]
      }
    ],
    "typologies": []
  },
  {
    "id": 109,
    "code": "68.9224.2-53",
    "name": "PLANES",
    "folder_hierarchy": null,
    "metadata_labels": null,
    "subseries": [
      {
        "id": 159,
        "code": "68.9224.2-53.38",
        "name": "PLANES INSTITUCIONALES DE LA OFERTA ABIERTA TITULADA",
        "folder_hierarchy": [
          {
            "id": "1",
            "type": "dep_conc",
            "label": "C├│digo Dependencia (Concatenada)"
          },
          {
            "id": "2",
            "type": "sub_conc",
            "label": "C├│digo Subserie (Concatenada)"
          },
          {
            "id": "3",
            "type": "meta_3",
            "label": "Valor 3"
          },
          {
            "id": "4",
            "type": "meta_1",
            "label": "Valor 1"
          }
        ],
        "metadata_labels": null,
        "typologies": [
          {
            "id": 5556,
            "name": "PLAN DE ACCION DE LA VIGENCIA"
          },
          {
            "id": 5557,
            "name": "RESOLUCION CALENDARIO ACADEMICO"
          },
          {
            "id": 5558,
            "name": "RESOLUCION CONVOCATORIA DE LA OFERTA"
          },
          {
            "id": 5559,
            "name": "REPORTE DE PLANEACION INDICATIVA OFERTA ABIERTA TITULADA"
          },
          {
            "id": 5560,
            "name": "ACTA DE PLANEACION DE OFERTA DEL CENTRO DE FORMACION"
          },
          {
            "id": 5561,
            "name": "ACTA DE APROBACION DE OFERTA CONCERTADA CON CENTRO SUSCRITA POR EL DIRECTOR REGIONAL O DIRECCION DE FORMACION PROFESIONAL"
          },
          {
            "id": 5562,
            "name": "INFORME DE SEGUIMIENTO A LA OFERTA EDUCATIVA DEL CENTRO DE FORMACION"
          }
        ]
      },
      {
        "id": 160,
        "code": "68.9224.2-53.39",
        "name": "PLANES INSTITUCIONALES DE LA OFERTA ESPECIAL COMPLEMENTARIA",
        "folder_hierarchy": [
          {
            "id": "1",
            "type": "dep_conc",
            "label": "C├│digo Dependencia (Concatenada)"
          },
          {
            "id": "2",
            "type": "sub_conc",
            "label": "C├│digo Subserie (Concatenada)"
          },
          {
            "id": "3",
            "type": "meta_3",
            "label": "Valor 3"
          },
          {
            "id": "4",
            "type": "meta_1",
            "label": "Valor 1"
          }
        ],
        "metadata_labels": null,
        "typologies": [
          {
            "id": 5563,
            "name": "PLAN DE ACCION DE LA VIGENCIA"
          },
          {
            "id": 5564,
            "name": "REGISTRO DE SOLICITUDES"
          },
          {
            "id": 5565,
            "name": "ACTA DE COMPROMISO ENTRE LA EMPRESA Y EL SENA"
          },
          {
            "id": 5566,
            "name": "PLAN OPERATIVO DE LA OFERTA ESPECIAL COMPLEMENTARIA"
          },
          {
            "id": 5567,
            "name": "REPORTE DE VERIFICACION CONDICIONES MINIMAS DE CALIDAD DE AMBIENTES DE FORMACION"
          }
        ]
      },
      {
        "id": 161,
        "code": "68.9224.2-53.40",
        "name": "PLANES INSTITUCIONALES DE LA OFERTA ESPECIAL\r\nTITULADA",
        "folder_hierarchy": [
          {
            "id": "1",
            "type": "dep_conc",
            "label": "C├│digo Dependencia (Concatenada)"
          },
          {
            "id": "2",
            "type": "sub_conc",
            "label": "C├│digo Subserie (Concatenada)"
          },
          {
            "id": "3",
            "type": "meta_3",
            "label": "Valor 3"
          },
          {
            "id": "4",
            "type": "meta_1",
            "label": "Valor 1"
          }
        ],
        "metadata_labels": null,
        "typologies": [
          {
            "id": 5568,
            "name": "COMUNICACION DE SOLICITUD DE MATRICULA"
          },
          {
            "id": 5569,
            "name": "REPORTE DE NOVEDADES DE LOS AMBIENTES DE APRENDIZAJE DE FORMACION"
          },
          {
            "id": 5570,
            "name": "COMUNICACION DE OBSERVACIONES A SOLICITUD DE MATRICULA"
          },
          {
            "id": 5571,
            "name": "REPORTES DE INSCRIPCION Y MATRICULA"
          },
          {
            "id": 5572,
            "name": "INFORME DE ANALISIS DE EJECUCION, CERTIFICACION Y DESERCION"
          }
        ]
      }
    ],
    "typologies": []
  }
]
